// Jest Snapshot v1, https://goo.gl/fbAQLP

exports[`Offline matches snapshot 1`] = `
{
  "asFragment": [Function],
  "baseElement": <body>
    <div>
      <div
        class="d-flex flex-column vh-100"
      >
        <h1
          class="text-center my-3"
        >
          Offline Mode
        </h1>
        <div
          class="d-flex flex-column h-100 my-auto"
        >
          <span
            class="text-center mt-auto"
          >
            Please check your internet/VPN connection
          </span>
          <div
            class="loading-animation m-auto my-5 loading-animation-lg"
            id="spinner"
          >
            <div />
            <div />
            <div />
            <div />
          </div>
          <span
            class="text-center"
          >
            This page will reload automatically when reconnected
          </span>
          <button
            class="mx-auto mt-5 mb-auto btn btn-success"
            type="button"
          >
            Retry
          </button>
        </div>
      </div>
    </div>
  </body>,
  "container": <div>
    <div
      class="d-flex flex-column vh-100"
    >
      <h1
        class="text-center my-3"
      >
        Offline Mode
      </h1>
      <div
        class="d-flex flex-column h-100 my-auto"
      >
        <span
          class="text-center mt-auto"
        >
          Please check your internet/VPN connection
        </span>
        <div
          class="loading-animation m-auto my-5 loading-animation-lg"
          id="spinner"
        >
          <div />
          <div />
          <div />
          <div />
        </div>
        <span
          class="text-center"
        >
          This page will reload automatically when reconnected
        </span>
        <button
          class="mx-auto mt-5 mb-auto btn btn-success"
          type="button"
        >
          Retry
        </button>
      </div>
    </div>
  </div>,
  "debug": [Function],
  "findAllByAltText": [Function],
  "findAllByDisplayValue": [Function],
  "findAllByLabelText": [Function],
  "findAllByPlaceholderText": [Function],
  "findAllByRole": [Function],
  "findAllByTestId": [Function],
  "findAllByText": [Function],
  "findAllByTitle": [Function],
  "findByAltText": [Function],
  "findByDisplayValue": [Function],
  "findByLabelText": [Function],
  "findByPlaceholderText": [Function],
  "findByRole": [Function],
  "findByTestId": [Function],
  "findByText": [Function],
  "findByTitle": [Function],
  "getAllByAltText": [Function],
  "getAllByDisplayValue": [Function],
  "getAllByLabelText": [Function],
  "getAllByPlaceholderText": [Function],
  "getAllByRole": [Function],
  "getAllByTestId": [Function],
  "getAllByText": [Function],
  "getAllByTitle": [Function],
  "getByAltText": [Function],
  "getByDisplayValue": [Function],
  "getByLabelText": [Function],
  "getByPlaceholderText": [Function],
  "getByRole": [Function],
  "getByTestId": [Function],
  "getByText": [Function],
  "getByTitle": [Function],
  "queryAllByAltText": [Function],
  "queryAllByDisplayValue": [Function],
  "queryAllByLabelText": [Function],
  "queryAllByPlaceholderText": [Function],
  "queryAllByRole": [Function],
  "queryAllByTestId": [Function],
  "queryAllByText": [Function],
  "queryAllByTitle": [Function],
  "queryByAltText": [Function],
  "queryByDisplayValue": [Function],
  "queryByLabelText": [Function],
  "queryByPlaceholderText": [Function],
  "queryByRole": [Function],
  "queryByTestId": [Function],
  "queryByText": [Function],
  "queryByTitle": [Function],
  "rerender": [Function],
  "unmount": [Function],
}
`;
